// Jest Snapshot v1, https://goo.gl/fbAQLP

exports[`<Scamera /> renders everything 1`] = `
<View
  style={
    Object {
      "alignItems": "center",
      "backgroundColor": "#F2E0F5",
      "flex": 1,
      "justifyContent": "flex-start",
    }
  }
>
  <Modal
    animationType="fade"
    hardwareAccelerated={false}
    transparent={true}
    visible={false}
  >
    <View
      style={
        Object {
          "backgroundColor": "#F2E0F5",
          "borderRadius": 10,
          "elevation": 50,
          "height": 296.44444444444446,
          "justifyContent": "space-between",
          "marginLeft": 75,
          "marginTop": 185.27777777777777,
          "paddingHorizontal": 30,
          "paddingVertical": 14.822222222222223,
          "shadowColor": "#000",
          "shadowOffset": Object {
            "height": 2,
            "width": 0,
          },
          "shadowOpacity": 0.25,
          "shadowRadius": 3.84,
          "width": 600,
        }
      }
    >
      <View>
        <Text
          style={
            Object {
              "fontSize": 17,
            }
          }
        >
          Digite o novo nome para sua planta:
        </Text>
        <TextInput
          allowFontScaling={true}
          autoFocus={true}
          onChangeText={[Function]}
          rejectResponderTermination={true}
          style={
            Object {
              "borderBottomColor": "#38143E",
              "borderBottomWidth": 1,
              "height": 40,
              "width": 540,
            }
          }
          underlineColorAndroid="transparent"
        />
      </View>
      <View
        style={
          Object {
            "flexDirection": "row-reverse",
          }
        }
      >
        <View
          accessible={true}
          focusable={true}
          onClick={[Function]}
          onResponderGrant={[Function]}
          onResponderMove={[Function]}
          onResponderRelease={[Function]}
          onResponderTerminate={[Function]}
          onResponderTerminationRequest={[Function]}
          onStartShouldSetResponder={[Function]}
          style={
            Object {
              "opacity": 1,
            }
          }
        >
          <Text
            style={
              Object {
                "color": "#0582CA",
                "fontSize": 14,
                "marginLeft": 54,
              }
            }
          >
            FEITO
          </Text>
        </View>
        <View
          accessible={true}
          focusable={true}
          onClick={[Function]}
          onResponderGrant={[Function]}
          onResponderMove={[Function]}
          onResponderRelease={[Function]}
          onResponderTerminate={[Function]}
          onResponderTerminationRequest={[Function]}
          onStartShouldSetResponder={[Function]}
          style={
            Object {
              "opacity": 1,
            }
          }
        >
          <Text
            style={
              Object {
                "color": "#0582CA",
                "fontSize": 14,
                "marginLeft": 54,
              }
            }
          >
            CANCELAR
          </Text>
        </View>
      </View>
    </View>
  </Modal>
  <View
    accessible={true}
    focusable={true}
    onClick={[Function]}
    onResponderGrant={[Function]}
    onResponderMove={[Function]}
    onResponderRelease={[Function]}
    onResponderTerminate={[Function]}
    onResponderTerminationRequest={[Function]}
    onStartShouldSetResponder={[Function]}
    style={
      Object {
        "margin": 10,
        "opacity": 1,
      }
    }
  >
    <Text />
  </View>
  <Image
    source={
      Object {
        "uri": undefined,
      }
    }
    style={
      Object {
        "borderRadius": 20,
        "height": 333.5,
        "width": 720,
      }
    }
  />
  <Text
    style={
      Object {
        "alignSelf": "flex-start",
        "fontSize": 20,
        "marginHorizontal": 15,
        "marginVertical": 37.5,
      }
    }
  >
    Esses s√£o os resultados para a sua foto:
  </Text>
  <RCTScrollView
    disableVirtualization={false}
    getItem={[Function]}
    getItemCount={[Function]}
    horizontal={false}
    initialNumToRender={10}
    keyExtractor={[Function]}
    maxToRenderPerBatch={10}
    onContentSizeChange={[Function]}
    onEndReachedThreshold={2}
    onLayout={[Function]}
    onMomentumScrollEnd={[Function]}
    onScroll={[Function]}
    onScrollBeginDrag={[Function]}
    onScrollEndDrag={[Function]}
    removeClippedSubviews={false}
    renderItem={[Function]}
    scrollEventThrottle={50}
    stickyHeaderIndices={Array []}
    updateCellsBatchingPeriod={50}
    viewabilityConfigCallbackPairs={Array []}
    windowSize={21}
  >
    <View />
  </RCTScrollView>
</View>
`;
