// Jest Snapshot v1, https://goo.gl/fbAQLP

exports[`<TopicCreate /> renders everything 1`] = `
<View
  style={
    Object {
      "alignSelf": "center",
      "flex": 1,
      "flexDirection": "column",
      "flexWrap": "nowrap",
      "justifyContent": "center",
      "width": 750,
    }
  }
>
  <View
    style={
      Object {
        "alignItems": "center",
        "backgroundColor": "black",
        "flex": 0.8,
        "flexDirection": "row",
        "justifyContent": "center",
        "marginBottom": 10,
        "paddingTop": 10,
        "width": 750,
      }
    }
  >
    <Text />
    <Text
      style={
        Object {
          "color": "white",
          "fontSize": 15,
        }
      }
    />
    <View
      accessible={true}
      focusable={true}
      onClick={[Function]}
      onResponderGrant={[Function]}
      onResponderMove={[Function]}
      onResponderRelease={[Function]}
      onResponderTerminate={[Function]}
      onResponderTerminationRequest={[Function]}
      onStartShouldSetResponder={[Function]}
      style={
        Object {
          "alignSelf": "center",
          "flex": 1,
          "flexDirection": "row-reverse",
          "opacity": 1,
        }
      }
    >
      <Text />
      <Text
        style={
          Object {
            "color": "white",
            "fontSize": 15,
            "fontWeight": "100",
            "marginRight": 20,
            "marginTop": 2.5,
          }
        }
      >
        PUBLICAR
      </Text>
    </View>
  </View>
  <View
    style={
      Object {
        "alignSelf": "center",
        "backgroundColor": "white",
        "flex": 8,
        "flexDirection": "column",
        "flexWrap": "nowrap",
        "justifyContent": "center",
        "width": 750,
      }
    }
  >
    <View
      style={
        Object {
          "alignSelf": "center",
          "flex": 1,
          "flexDirection": "row",
          "marginBottom": 30,
          "width": 625,
        }
      }
    >
      <Image
        defaultSource={1}
        source={
          Object {
            "uri": undefined,
          }
        }
        style={
          Object {
            "borderRadius": 50,
            "height": 150,
            "width": 150,
          }
        }
      />
      <Text
        style={
          Object {
            "fontSize": 18,
            "fontWeight": "bold",
            "paddingLeft": 5,
            "paddingTop": 10,
          }
        }
      >
        username
      </Text>
    </View>
    <View
      style={
        Object {
          "alignSelf": "center",
          "backgroundColor": "skyblue",
          "borderRadius": 10,
          "marginBottom": 66.7,
          "width": 625,
        }
      }
    >
      <TextInput
        allowFontScaling={true}
        onChangeText={[Function]}
        placeholder="Titulo do post..."
        rejectResponderTermination={true}
        style={
          Object {
            "backgroundColor": "#D6DADF",
            "borderRadius": 10,
            "height": 88.93333333333334,
            "paddingLeft": 20,
          }
        }
        underlineColorAndroid="transparent"
      />
    </View>
    <View>
      <TextInput
        allowFontScaling={true}
        blurOnSubmit={true}
        multiline={true}
        onChangeText={[Function]}
        placeholder="Conteudo do post..."
        rejectResponderTermination={true}
        style={
          Object {
            "alignSelf": "center",
            "backgroundColor": "#D6DADF",
            "borderRadius": 10,
            "height": 635.2380952380952,
            "paddingLeft": 20,
            "paddingTop": 10,
            "textAlignVertical": "top",
            "width": 625,
          }
        }
        underlineColorAndroid="transparent"
      />
    </View>
    <View
      style={
        Object {
          "alignSelf": "center",
          "backgroundColor": "#19BB53",
          "borderRadius": 10,
          "marginBottom": 40,
          "marginTop": 20,
          "width": 625,
        }
      }
    />
  </View>
</View>
`;
